../Core/Src/main.c:216:8:HAL_TIM_PeriodElapsedCallback	16	static
../Core/Src/main.c:225:5:main	40	static
../Core/Src/main.c:347:6:SystemClock_Config	88	static
../Core/Src/main.c:390:5:checkbuttons	24	static
../Core/Src/main.c:396:5:checkUSBConnected	16	static
../Core/Src/main.c:402:6:USBdataEnable	16	static
../Core/Src/main.c:411:6:ComputeFFT	136	static
../Core/Src/main.c:467:6:ComplexToMagnitude	40	static
../Core/Src/main.c:473:9:Exponent	24	static
../Core/Src/main.c:481:6:Swap	24	static
../Core/Src/main.c:488:6:Windowing	64	static
../Core/Src/main.c:542:8:sq	16	static
../Core/Src/main.c:549:9:read_adc	16	static
../Core/Src/main.c:561:10:read_bat_adc	16	static
../Core/Src/main.c:584:6:getMAG	40	static
../Core/Src/main.c:663:6:adjustVals	48	static
../Core/Src/main.c:732:10:audioMap	24	static
../Core/Src/main.c:747:6:graphMAG	40	static
../Core/Src/main.c:774:6:splash	16	static
../Core/Src/main.c:788:6:show	8	static
../Core/Src/main.c:795:6:setPixelColor	32	static
../Core/Src/main.c:803:10:getPixelColor	48	static
../Core/Src/main.c:818:6:BlankScreen	24	static
../Core/Src/main.c:826:6:rotateCCW	56	static
../Core/Src/main.c:847:6:HorizShiftR	16	static
../Core/Src/main.c:858:6:HorizShiftL	16	static
../Core/Src/main.c:868:6:BlankColumn	24	static
../Core/Src/main.c:875:6:printStringWithShiftL	16	static
../Core/Src/main.c:883:6:printCharWithShiftL	32	static
../Core/Src/main.c:906:10:Color	16	static
../Core/Src/main.c:911:6:map	24	static
../Core/Src/main.c:915:9:constrain	24	static
../Core/Src/main.c:921:5:randomNum	16	static
../Core/Src/main.c:926:6:sine1	24	static
../Core/Src/main.c:942:6:nGrid	256	dynamic
../Core/Src/main.c:999:6:nBalls	264	dynamic
../Core/Src/main.c:1086:6:getrand	16	static
../Core/Src/main.c:1124:6:Error_Handler	4	static,ignoring_inline_asm
