../Core/Src/main.c:216:8:HAL_TIM_PeriodElapsedCallback	16	static
../Core/Src/main.c:225:5:main	40	static
../Core/Src/main.c:349:6:SystemClock_Config	88	static
../Core/Src/main.c:392:5:checkbuttons	24	static
../Core/Src/main.c:398:5:checkUSBConnected	16	static
../Core/Src/main.c:404:6:USBdataEnable	16	static
../Core/Src/main.c:413:6:ComputeFFT	136	static
../Core/Src/main.c:469:6:ComplexToMagnitude	40	static
../Core/Src/main.c:475:9:Exponent	24	static
../Core/Src/main.c:483:6:Swap	24	static
../Core/Src/main.c:490:6:Windowing	64	static
../Core/Src/main.c:544:8:sq	16	static
../Core/Src/main.c:551:9:read_adc	16	static
../Core/Src/main.c:563:10:read_bat_adc	16	static
../Core/Src/main.c:586:6:getMAG	40	static
../Core/Src/main.c:665:6:adjustVals	48	static
../Core/Src/main.c:734:10:audioMap	24	static
../Core/Src/main.c:749:6:graphMAG	40	static
../Core/Src/main.c:776:6:splash	16	static
../Core/Src/main.c:790:6:show	8	static
../Core/Src/main.c:797:6:setPixelColor	32	static
../Core/Src/main.c:805:10:getPixelColor	48	static
../Core/Src/main.c:820:6:BlankScreen	24	static
../Core/Src/main.c:828:6:rotateCCW	56	static
../Core/Src/main.c:849:6:HorizShiftR	16	static
../Core/Src/main.c:860:6:HorizShiftL	16	static
../Core/Src/main.c:870:6:BlankColumn	24	static
../Core/Src/main.c:877:6:printStringWithShiftL	16	static
../Core/Src/main.c:885:6:printCharWithShiftL	32	static
../Core/Src/main.c:908:10:Color	16	static
../Core/Src/main.c:913:6:map	24	static
../Core/Src/main.c:917:9:constrain	24	static
../Core/Src/main.c:923:5:randomNum	16	static
../Core/Src/main.c:928:6:sine1	24	static
../Core/Src/main.c:944:6:nGrid	256	dynamic
../Core/Src/main.c:1001:6:nBalls	264	dynamic
../Core/Src/main.c:1088:6:getrand	16	static
../Core/Src/main.c:1126:6:Error_Handler	4	static,ignoring_inline_asm
