../Core/Src/ssd1306.c:63:6:SSD1306_ScrollRight	16	static
../Core/Src/ssd1306.c:76:6:SSD1306_ScrollLeft	16	static
../Core/Src/ssd1306.c:89:6:SSD1306_Scrolldiagright	16	static
../Core/Src/ssd1306.c:105:6:SSD1306_Scrolldiagleft	16	static
../Core/Src/ssd1306.c:121:6:SSD1306_Stopscroll	8	static
../Core/Src/ssd1306.c:128:6:SSD1306_InvertDisplay	16	static
../Core/Src/ssd1306.c:137:6:SSD1306_DrawBitmap	32	static
../Core/Src/ssd1306.c:176:9:SSD1306_Init	8	static
../Core/Src/ssd1306.c:260:6:SSD1306_Puti	56	dynamic
../Core/Src/ssd1306.c:268:6:SSD1306_Putf	56	dynamic
../Core/Src/ssd1306.c:279:6:SSD1306_ToggleInvert	16	static
../Core/Src/ssd1306.c:291:6:SSD1306_Fill	16	static
../Core/Src/ssd1306.c:296:6:SSD1306_DrawPixel	16	static
../Core/Src/ssd1306.c:318:6:SSD1306_GotoXY	16	static
../Core/Src/ssd1306.c:324:6:SSD1306_Putc	32	static
../Core/Src/ssd1306.c:355:6:SSD1306_Puts	24	static
../Core/Src/ssd1306.c:374:6:SSD1306_DrawLine	40	static
../Core/Src/ssd1306.c:458:6:SSD1306_DrawRectangle	32	static
../Core/Src/ssd1306.c:483:6:SSD1306_DrawFilledRectangle	40	static
../Core/Src/ssd1306.c:510:6:SSD1306_DrawTriangle	32	static
../Core/Src/ssd1306.c:518:6:SSD1306_DrawFilledTriangle	64	static
../Core/Src/ssd1306.c:574:6:SSD1306_DrawCircle	40	static
../Core/Src/ssd1306.c:608:6:SSD1306_DrawFilledCircle	48	static
../Core/Src/ssd1306.c:641:6:SSD1306_Clear	8	static
../Core/Src/ssd1306.c:646:6:SSD1306_ON	8	static
../Core/Src/ssd1306.c:651:6:SSD1306_OFF	8	static
../Core/Src/ssd1306.c:668:6:SSD1306_UpdateScreen	16	static
../Core/Src/ssd1306.c:681:6:ssd1306_I2C_Write	32	static
